/home/aum/Desktop/ML/Smart India Hackathon/backend/app/rag/vector_store.py:26: UserWarning: Qdrant client version 1.13.0 is incompatible with server version 1.19.0. Major versions should match and minor version difference must not exceed 1. Set check_version=False to skip version check.
  self.client = QdrantClient(url=self.url)
INFO:     Started server process [111316]
INFO:     Waiting for application startup.
[2m2026-08-31T13:41:44.664643Z[0m [[32m[1minfo     [0m] [1mapplication_starting          [0m [36mcompany_id[0m=[35mapexpetro[0m [36menv[0m=[35mdevelopment[0m
2026-08-31 19:11:44,665 INFO sqlalchemy.engine.Engine BEGIN (implicit)
2026-08-31 19:11:44,666 INFO sqlalchemy.engine.Engine PRAGMA main.table_info("users")
2026-08-31 19:11:44,666 INFO sqlalchemy.engine.Engine [raw sql] ()
2026-08-31 19:11:44,667 INFO sqlalchemy.engine.Engine PRAGMA main.table_info("companies")
2026-08-31 19:11:44,667 INFO sqlalchemy.engine.Engine [raw sql] ()
2026-08-31 19:11:44,668 INFO sqlalchemy.engine.Engine PRAGMA main.table_info("documents")
2026-08-31 19:11:44,668 INFO sqlalchemy.engine.Engine [raw sql] ()
2026-08-31 19:11:44,668 INFO sqlalchemy.engine.Engine PRAGMA main.table_info("document_chunks")
2026-08-31 19:11:44,668 INFO sqlalchemy.engine.Engine [raw sql] ()
2026-08-31 19:11:44,669 INFO sqlalchemy.engine.Engine PRAGMA main.table_info("assets")
2026-08-31 19:11:44,669 INFO sqlalchemy.engine.Engine [raw sql] ()
2026-08-31 19:11:44,669 INFO sqlalchemy.engine.Engine PRAGMA main.table_info("projects")
2026-08-31 19:11:44,669 INFO sqlalchemy.engine.Engine [raw sql] ()
2026-08-31 19:11:44,670 INFO sqlalchemy.engine.Engine PRAGMA main.table_info("tasks")
2026-08-31 19:11:44,670 INFO sqlalchemy.engine.Engine [raw sql] ()
2026-08-31 19:11:44,670 INFO sqlalchemy.engine.Engine PRAGMA main.table_info("agent_runs")
2026-08-31 19:11:44,670 INFO sqlalchemy.engine.Engine [raw sql] ()
2026-08-31 19:11:44,670 INFO sqlalchemy.engine.Engine PRAGMA main.table_info("agent_steps")
2026-08-31 19:11:44,670 INFO sqlalchemy.engine.Engine [raw sql] ()
2026-08-31 19:11:44,671 INFO sqlalchemy.engine.Engine PRAGMA main.table_info("artifacts")
2026-08-31 19:11:44,671 INFO sqlalchemy.engine.Engine [raw sql] ()
2026-08-31 19:11:44,671 INFO sqlalchemy.engine.Engine PRAGMA main.table_info("approvals")
2026-08-31 19:11:44,671 INFO sqlalchemy.engine.Engine [raw sql] ()
2026-08-31 19:11:44,671 INFO sqlalchemy.engine.Engine PRAGMA main.table_info("work_orders")
2026-08-31 19:11:44,671 INFO sqlalchemy.engine.Engine [raw sql] ()
2026-08-31 19:11:44,672 INFO sqlalchemy.engine.Engine PRAGMA main.table_info("audit_events")
2026-08-31 19:11:44,672 INFO sqlalchemy.engine.Engine [raw sql] ()
2026-08-31 19:11:44,672 INFO sqlalchemy.engine.Engine PRAGMA main.table_info("model_registry")
2026-08-31 19:11:44,672 INFO sqlalchemy.engine.Engine [raw sql] ()
2026-08-31 19:11:44,673 INFO sqlalchemy.engine.Engine COMMIT
[2m2026-08-31T13:41:44.673846Z[0m [[32m[1minfo     [0m] [1mdatabase_initialized          [0m
INFO:     Application startup complete.
INFO:     Uvicorn running on http://0.0.0.0:8000 (Press CTRL+C to quit)
INFO:     Shutting down
INFO:     Waiting for application shutdown.
[2m2026-08-31T13:43:40.691991Z[0m [[32m[1minfo     [0m] [1mapplication_shutting_down     [0m
INFO:     Application shutdown complete.
INFO:     Finished server process [111316]
